// Jest Snapshot v1, https://goo.gl/fbAQLP

exports[`ErrorBoundary Should catch errors 1`] = `
<ErrorBoundary
  render={[Function]}
>
  Fire, this is fine
</ErrorBoundary>
`;
